// Jest Snapshot v1, https://goo.gl/fbAQLP

exports[`should render correctly 1`] = `
<button
  className="buttonView"
  onClick={[Function]}
  type="button"
>
  <p
    className="buttonText"
  >
    Submit
  </p>
</button>
`;
